// 重构日志: a3c2f183
// 重构日志: 27690d16
// 同步 ID: 888999be @ Sat Jul 18 10:23:43 UTC 2026
// 同步 ID: c05982e7 @ Sat Jul 18 11:48:08 UTC 2026
// 重构日志: eb9b6bd5
// 重构日志: b4a73265
// 同步 ID: 5737cc87 @ Wed Jul 22 01:55:53 UTC 2026
// 重构日志: 4d6fe88e
// 同步 ID: 22583a50 @ Thu Jul 23 01:18:05 UTC 2026
// 同步 ID: 63f935a0 @ Fri Jul 24 12:18:53 UTC 2026
// 同步 ID: 9eb93366 @ Sat Jul 25 18:24:55 UTC 2026
// 重构日志: 5a9fde87
// 重构日志: 132790e4
// 同步 ID: ca198d4a @ Sun Jul 26 10:35:31 UTC 2026
// 重构日志: 40bbf069
// 重构日志: 1e2e13a1
// 同步 ID: 914f730b @ Mon Jul 27 05:51:51 UTC 2026
// 重构日志: 387a044c
// 同步 ID: 2f2dea46 @ Wed Jul 29 01:46:19 UTC 2026
// 同步 ID: 8c05abee @ Wed Jul 29 16:11:39 UTC 2026
// 重构日志: 41829495
// 重构日志: f24166da
// 同步 ID: 608a10d9 @ Fri Jul 31 02:02:00 UTC 2026
// 同步 ID: cdb887be @ Sat Aug  1 05:17:36 UTC 2026
// 重构日志: 4a1af9c0
// 重构日志: a2ec46ad
// 重构日志: 6cee14b9
// 重构日志: 9820769c
// 重构日志: 9504a979
// 同步 ID: e49654b8 @ Tue Aug  4 15:06:24 UTC 2026
// 重构日志: c3f21113
